FILE if_test.monga LLVM CODE
; ModuleID = 'program'
source_filename = "program"

@0 = private unnamed_addr constant [3 x i8] c"Ok\00", align 1
@1 = private unnamed_addr constant [6 x i8] c"\22%s\22\0A\00", align 1
@2 = private unnamed_addr constant [8 x i8] c"Gt e Ge\00", align 1
@3 = private unnamed_addr constant [5 x i8] c"Then\00", align 1
@4 = private unnamed_addr constant [5 x i8] c"Else\00", align 1
@5 = private unnamed_addr constant [8 x i8] c"Lt e Le\00", align 1
@6 = private unnamed_addr constant [3 x i8] c"Eq\00", align 1
@7 = private unnamed_addr constant [3 x i8] c"Ne\00", align 1
@8 = private unnamed_addr constant [4 x i8] c"And\00", align 1
@9 = private unnamed_addr constant [3 x i8] c"Or\00", align 1
@10 = private unnamed_addr constant [4 x i8] c"Not\00", align 1

declare i32 @printf(i8*, ...)

declare i8* @malloc(i64)

define i64 @main() {
entry:
  br i1 true, label %0, label %2

0:                                                ; preds = %entry
  %1 = call i32 (i8*, ...) @printf(i8* getelementptr inbounds ([6 x i8], [6 x i8]* @1, i32 0, i32 0), i8* getelementptr inbounds ([3 x i8], [3 x i8]* @0, i32 0, i32 0))
  br label %3

2:                                                ; preds = %entry
  br label %3

3:                                                ; preds = %2, %0
  br i1 false, label %4, label %5

4:                                                ; preds = %3
  br label %5

5:                                                ; preds = %3, %4
  br label %6

6:                                                ; preds = %5
  %7 = call i32 (i8*, ...) @printf(i8* getelementptr inbounds ([6 x i8], [6 x i8]* @1, i32 0, i32 0), i8* getelementptr inbounds ([3 x i8], [3 x i8]* @0, i32 0, i32 0))
  br label %8

8:                                                ; preds = %6
  %9 = call i32 (i8*, ...) @printf(i8* getelementptr inbounds ([6 x i8], [6 x i8]* @1, i32 0, i32 0), i8* getelementptr inbounds ([8 x i8], [8 x i8]* @2, i32 0, i32 0))
  br i1 true, label %10, label %12

10:                                               ; preds = %8
  %11 = call i32 (i8*, ...) @printf(i8* getelementptr inbounds ([6 x i8], [6 x i8]* @1, i32 0, i32 0), i8* getelementptr inbounds ([5 x i8], [5 x i8]* @3, i32 0, i32 0))
  br label %14

12:                                               ; preds = %8
  %13 = call i32 (i8*, ...) @printf(i8* getelementptr inbounds ([6 x i8], [6 x i8]* @1, i32 0, i32 0), i8* getelementptr inbounds ([5 x i8], [5 x i8]* @4, i32 0, i32 0))
  br label %14

14:                                               ; preds = %12, %10
  br i1 false, label %15, label %17

15:                                               ; preds = %14
  %16 = call i32 (i8*, ...) @printf(i8* getelementptr inbounds ([6 x i8], [6 x i8]* @1, i32 0, i32 0), i8* getelementptr inbounds ([5 x i8], [5 x i8]* @3, i32 0, i32 0))
  br label %19

17:                                               ; preds = %14
  %18 = call i32 (i8*, ...) @printf(i8* getelementptr inbounds ([6 x i8], [6 x i8]* @1, i32 0, i32 0), i8* getelementptr inbounds ([5 x i8], [5 x i8]* @4, i32 0, i32 0))
  br label %19

19:                                               ; preds = %17, %15
  br i1 true, label %20, label %22

20:                                               ; preds = %19
  %21 = call i32 (i8*, ...) @printf(i8* getelementptr inbounds ([6 x i8], [6 x i8]* @1, i32 0, i32 0), i8* getelementptr inbounds ([5 x i8], [5 x i8]* @3, i32 0, i32 0))
  br label %24

22:                                               ; preds = %19
  %23 = call i32 (i8*, ...) @printf(i8* getelementptr inbounds ([6 x i8], [6 x i8]* @1, i32 0, i32 0), i8* getelementptr inbounds ([5 x i8], [5 x i8]* @4, i32 0, i32 0))
  br label %24

24:                                               ; preds = %22, %20
  br i1 false, label %25, label %27

25:                                               ; preds = %24
  %26 = call i32 (i8*, ...) @printf(i8* getelementptr inbounds ([6 x i8], [6 x i8]* @1, i32 0, i32 0), i8* getelementptr inbounds ([5 x i8], [5 x i8]* @3, i32 0, i32 0))
  br label %29

27:                                               ; preds = %24
  %28 = call i32 (i8*, ...) @printf(i8* getelementptr inbounds ([6 x i8], [6 x i8]* @1, i32 0, i32 0), i8* getelementptr inbounds ([5 x i8], [5 x i8]* @4, i32 0, i32 0))
  br label %29

29:                                               ; preds = %27, %25
  br i1 true, label %30, label %32

30:                                               ; preds = %29
  %31 = call i32 (i8*, ...) @printf(i8* getelementptr inbounds ([6 x i8], [6 x i8]* @1, i32 0, i32 0), i8* getelementptr inbounds ([5 x i8], [5 x i8]* @3, i32 0, i32 0))
  br label %34

32:                                               ; preds = %29
  %33 = call i32 (i8*, ...) @printf(i8* getelementptr inbounds ([6 x i8], [6 x i8]* @1, i32 0, i32 0), i8* getelementptr inbounds ([5 x i8], [5 x i8]* @4, i32 0, i32 0))
  br label %34

34:                                               ; preds = %32, %30
  br i1 false, label %35, label %37

35:                                               ; preds = %34
  %36 = call i32 (i8*, ...) @printf(i8* getelementptr inbounds ([6 x i8], [6 x i8]* @1, i32 0, i32 0), i8* getelementptr inbounds ([5 x i8], [5 x i8]* @3, i32 0, i32 0))
  br label %39

37:                                               ; preds = %34
  %38 = call i32 (i8*, ...) @printf(i8* getelementptr inbounds ([6 x i8], [6 x i8]* @1, i32 0, i32 0), i8* getelementptr inbounds ([5 x i8], [5 x i8]* @4, i32 0, i32 0))
  br label %39

39:                                               ; preds = %37, %35
  br i1 true, label %40, label %42

40:                                               ; preds = %39
  %41 = call i32 (i8*, ...) @printf(i8* getelementptr inbounds ([6 x i8], [6 x i8]* @1, i32 0, i32 0), i8* getelementptr inbounds ([5 x i8], [5 x i8]* @3, i32 0, i32 0))
  br label %44

42:                                               ; preds = %39
  %43 = call i32 (i8*, ...) @printf(i8* getelementptr inbounds ([6 x i8], [6 x i8]* @1, i32 0, i32 0), i8* getelementptr inbounds ([5 x i8], [5 x i8]* @4, i32 0, i32 0))
  br label %44

44:                                               ; preds = %42, %40
  br i1 false, label %45, label %47

45:                                               ; preds = %44
  %46 = call i32 (i8*, ...) @printf(i8* getelementptr inbounds ([6 x i8], [6 x i8]* @1, i32 0, i32 0), i8* getelementptr inbounds ([5 x i8], [5 x i8]* @3, i32 0, i32 0))
  br label %49

47:                                               ; preds = %44
  %48 = call i32 (i8*, ...) @printf(i8* getelementptr inbounds ([6 x i8], [6 x i8]* @1, i32 0, i32 0), i8* getelementptr inbounds ([5 x i8], [5 x i8]* @4, i32 0, i32 0))
  br label %49

49:                                               ; preds = %47, %45
  br i1 true, label %50, label %52

50:                                               ; preds = %49
  %51 = call i32 (i8*, ...) @printf(i8* getelementptr inbounds ([6 x i8], [6 x i8]* @1, i32 0, i32 0), i8* getelementptr inbounds ([5 x i8], [5 x i8]* @3, i32 0, i32 0))
  br label %54

52:                                               ; preds = %49
  %53 = call i32 (i8*, ...) @printf(i8* getelementptr inbounds ([6 x i8], [6 x i8]* @1, i32 0, i32 0), i8* getelementptr inbounds ([5 x i8], [5 x i8]* @4, i32 0, i32 0))
  br label %54

54:                                               ; preds = %52, %50
  br i1 false, label %55, label %57

55:                                               ; preds = %54
  %56 = call i32 (i8*, ...) @printf(i8* getelementptr inbounds ([6 x i8], [6 x i8]* @1, i32 0, i32 0), i8* getelementptr inbounds ([5 x i8], [5 x i8]* @3, i32 0, i32 0))
  br label %59

57:                                               ; preds = %54
  %58 = call i32 (i8*, ...) @printf(i8* getelementptr inbounds ([6 x i8], [6 x i8]* @1, i32 0, i32 0), i8* getelementptr inbounds ([5 x i8], [5 x i8]* @4, i32 0, i32 0))
  br label %59

59:                                               ; preds = %57, %55
  br i1 true, label %60, label %62

60:                                               ; preds = %59
  %61 = call i32 (i8*, ...) @printf(i8* getelementptr inbounds ([6 x i8], [6 x i8]* @1, i32 0, i32 0), i8* getelementptr inbounds ([5 x i8], [5 x i8]* @3, i32 0, i32 0))
  br label %64

62:                                               ; preds = %59
  %63 = call i32 (i8*, ...) @printf(i8* getelementptr inbounds ([6 x i8], [6 x i8]* @1, i32 0, i32 0), i8* getelementptr inbounds ([5 x i8], [5 x i8]* @4, i32 0, i32 0))
  br label %64

64:                                               ; preds = %62, %60
  br i1 false, label %65, label %67

65:                                               ; preds = %64
  %66 = call i32 (i8*, ...) @printf(i8* getelementptr inbounds ([6 x i8], [6 x i8]* @1, i32 0, i32 0), i8* getelementptr inbounds ([5 x i8], [5 x i8]* @3, i32 0, i32 0))
  br label %69

67:                                               ; preds = %64
  %68 = call i32 (i8*, ...) @printf(i8* getelementptr inbounds ([6 x i8], [6 x i8]* @1, i32 0, i32 0), i8* getelementptr inbounds ([5 x i8], [5 x i8]* @4, i32 0, i32 0))
  br label %69

69:                                               ; preds = %67, %65
  %70 = call i32 (i8*, ...) @printf(i8* getelementptr inbounds ([6 x i8], [6 x i8]* @1, i32 0, i32 0), i8* getelementptr inbounds ([8 x i8], [8 x i8]* @5, i32 0, i32 0))
  br i1 true, label %71, label %73

71:                                               ; preds = %69
  %72 = call i32 (i8*, ...) @printf(i8* getelementptr inbounds ([6 x i8], [6 x i8]* @1, i32 0, i32 0), i8* getelementptr inbounds ([5 x i8], [5 x i8]* @3, i32 0, i32 0))
  br label %75

73:                                               ; preds = %69
  %74 = call i32 (i8*, ...) @printf(i8* getelementptr inbounds ([6 x i8], [6 x i8]* @1, i32 0, i32 0), i8* getelementptr inbounds ([5 x i8], [5 x i8]* @4, i32 0, i32 0))
  br label %75

75:                                               ; preds = %73, %71
  br i1 false, label %76, label %78

76:                                               ; preds = %75
  %77 = call i32 (i8*, ...) @printf(i8* getelementptr inbounds ([6 x i8], [6 x i8]* @1, i32 0, i32 0), i8* getelementptr inbounds ([5 x i8], [5 x i8]* @3, i32 0, i32 0))
  br label %80

78:                                               ; preds = %75
  %79 = call i32 (i8*, ...) @printf(i8* getelementptr inbounds ([6 x i8], [6 x i8]* @1, i32 0, i32 0), i8* getelementptr inbounds ([5 x i8], [5 x i8]* @4, i32 0, i32 0))
  br label %80

80:                                               ; preds = %78, %76
  br i1 true, label %81, label %83

81:                                               ; preds = %80
  %82 = call i32 (i8*, ...) @printf(i8* getelementptr inbounds ([6 x i8], [6 x i8]* @1, i32 0, i32 0), i8* getelementptr inbounds ([5 x i8], [5 x i8]* @3, i32 0, i32 0))
  br label %85

83:                                               ; preds = %80
  %84 = call i32 (i8*, ...) @printf(i8* getelementptr inbounds ([6 x i8], [6 x i8]* @1, i32 0, i32 0), i8* getelementptr inbounds ([5 x i8], [5 x i8]* @4, i32 0, i32 0))
  br label %85

85:                                               ; preds = %83, %81
  br i1 false, label %86, label %88

86:                                               ; preds = %85
  %87 = call i32 (i8*, ...) @printf(i8* getelementptr inbounds ([6 x i8], [6 x i8]* @1, i32 0, i32 0), i8* getelementptr inbounds ([5 x i8], [5 x i8]* @3, i32 0, i32 0))
  br label %90

88:                                               ; preds = %85
  %89 = call i32 (i8*, ...) @printf(i8* getelementptr inbounds ([6 x i8], [6 x i8]* @1, i32 0, i32 0), i8* getelementptr inbounds ([5 x i8], [5 x i8]* @4, i32 0, i32 0))
  br label %90

90:                                               ; preds = %88, %86
  br i1 true, label %91, label %93

91:                                               ; preds = %90
  %92 = call i32 (i8*, ...) @printf(i8* getelementptr inbounds ([6 x i8], [6 x i8]* @1, i32 0, i32 0), i8* getelementptr inbounds ([5 x i8], [5 x i8]* @3, i32 0, i32 0))
  br label %95

93:                                               ; preds = %90
  %94 = call i32 (i8*, ...) @printf(i8* getelementptr inbounds ([6 x i8], [6 x i8]* @1, i32 0, i32 0), i8* getelementptr inbounds ([5 x i8], [5 x i8]* @4, i32 0, i32 0))
  br label %95

95:                                               ; preds = %93, %91
  br i1 false, label %96, label %98

96:                                               ; preds = %95
  %97 = call i32 (i8*, ...) @printf(i8* getelementptr inbounds ([6 x i8], [6 x i8]* @1, i32 0, i32 0), i8* getelementptr inbounds ([5 x i8], [5 x i8]* @3, i32 0, i32 0))
  br label %100

98:                                               ; preds = %95
  %99 = call i32 (i8*, ...) @printf(i8* getelementptr inbounds ([6 x i8], [6 x i8]* @1, i32 0, i32 0), i8* getelementptr inbounds ([5 x i8], [5 x i8]* @4, i32 0, i32 0))
  br label %100

100:                                              ; preds = %98, %96
  br i1 true, label %101, label %103

101:                                              ; preds = %100
  %102 = call i32 (i8*, ...) @printf(i8* getelementptr inbounds ([6 x i8], [6 x i8]* @1, i32 0, i32 0), i8* getelementptr inbounds ([5 x i8], [5 x i8]* @3, i32 0, i32 0))
  br label %105

103:                                              ; preds = %100
  %104 = call i32 (i8*, ...) @printf(i8* getelementptr inbounds ([6 x i8], [6 x i8]* @1, i32 0, i32 0), i8* getelementptr inbounds ([5 x i8], [5 x i8]* @4, i32 0, i32 0))
  br label %105

105:                                              ; preds = %103, %101
  br i1 false, label %106, label %108

106:                                              ; preds = %105
  %107 = call i32 (i8*, ...) @printf(i8* getelementptr inbounds ([6 x i8], [6 x i8]* @1, i32 0, i32 0), i8* getelementptr inbounds ([5 x i8], [5 x i8]* @3, i32 0, i32 0))
  br label %110

108:                                              ; preds = %105
  %109 = call i32 (i8*, ...) @printf(i8* getelementptr inbounds ([6 x i8], [6 x i8]* @1, i32 0, i32 0), i8* getelementptr inbounds ([5 x i8], [5 x i8]* @4, i32 0, i32 0))
  br label %110

110:                                              ; preds = %108, %106
  br i1 true, label %111, label %113

111:                                              ; preds = %110
  %112 = call i32 (i8*, ...) @printf(i8* getelementptr inbounds ([6 x i8], [6 x i8]* @1, i32 0, i32 0), i8* getelementptr inbounds ([5 x i8], [5 x i8]* @3, i32 0, i32 0))
  br label %115

113:                                              ; preds = %110
  %114 = call i32 (i8*, ...) @printf(i8* getelementptr inbounds ([6 x i8], [6 x i8]* @1, i32 0, i32 0), i8* getelementptr inbounds ([5 x i8], [5 x i8]* @4, i32 0, i32 0))
  br label %115

115:                                              ; preds = %113, %111
  br i1 false, label %116, label %118

116:                                              ; preds = %115
  %117 = call i32 (i8*, ...) @printf(i8* getelementptr inbounds ([6 x i8], [6 x i8]* @1, i32 0, i32 0), i8* getelementptr inbounds ([5 x i8], [5 x i8]* @3, i32 0, i32 0))
  br label %120

118:                                              ; preds = %115
  %119 = call i32 (i8*, ...) @printf(i8* getelementptr inbounds ([6 x i8], [6 x i8]* @1, i32 0, i32 0), i8* getelementptr inbounds ([5 x i8], [5 x i8]* @4, i32 0, i32 0))
  br label %120

120:                                              ; preds = %118, %116
  br i1 true, label %121, label %123

121:                                              ; preds = %120
  %122 = call i32 (i8*, ...) @printf(i8* getelementptr inbounds ([6 x i8], [6 x i8]* @1, i32 0, i32 0), i8* getelementptr inbounds ([5 x i8], [5 x i8]* @3, i32 0, i32 0))
  br label %125

123:                                              ; preds = %120
  %124 = call i32 (i8*, ...) @printf(i8* getelementptr inbounds ([6 x i8], [6 x i8]* @1, i32 0, i32 0), i8* getelementptr inbounds ([5 x i8], [5 x i8]* @4, i32 0, i32 0))
  br label %125

125:                                              ; preds = %123, %121
  br i1 false, label %126, label %128

126:                                              ; preds = %125
  %127 = call i32 (i8*, ...) @printf(i8* getelementptr inbounds ([6 x i8], [6 x i8]* @1, i32 0, i32 0), i8* getelementptr inbounds ([5 x i8], [5 x i8]* @3, i32 0, i32 0))
  br label %130

128:                                              ; preds = %125
  %129 = call i32 (i8*, ...) @printf(i8* getelementptr inbounds ([6 x i8], [6 x i8]* @1, i32 0, i32 0), i8* getelementptr inbounds ([5 x i8], [5 x i8]* @4, i32 0, i32 0))
  br label %130

130:                                              ; preds = %128, %126
  %131 = call i32 (i8*, ...) @printf(i8* getelementptr inbounds ([6 x i8], [6 x i8]* @1, i32 0, i32 0), i8* getelementptr inbounds ([3 x i8], [3 x i8]* @6, i32 0, i32 0))
  br i1 true, label %132, label %134

132:                                              ; preds = %130
  %133 = call i32 (i8*, ...) @printf(i8* getelementptr inbounds ([6 x i8], [6 x i8]* @1, i32 0, i32 0), i8* getelementptr inbounds ([5 x i8], [5 x i8]* @3, i32 0, i32 0))
  br label %136

134:                                              ; preds = %130
  %135 = call i32 (i8*, ...) @printf(i8* getelementptr inbounds ([6 x i8], [6 x i8]* @1, i32 0, i32 0), i8* getelementptr inbounds ([5 x i8], [5 x i8]* @4, i32 0, i32 0))
  br label %136

136:                                              ; preds = %134, %132
  br i1 false, label %137, label %139

137:                                              ; preds = %136
  %138 = call i32 (i8*, ...) @printf(i8* getelementptr inbounds ([6 x i8], [6 x i8]* @1, i32 0, i32 0), i8* getelementptr inbounds ([5 x i8], [5 x i8]* @3, i32 0, i32 0))
  br label %141

139:                                              ; preds = %136
  %140 = call i32 (i8*, ...) @printf(i8* getelementptr inbounds ([6 x i8], [6 x i8]* @1, i32 0, i32 0), i8* getelementptr inbounds ([5 x i8], [5 x i8]* @4, i32 0, i32 0))
  br label %141

141:                                              ; preds = %139, %137
  br i1 true, label %142, label %144

142:                                              ; preds = %141
  %143 = call i32 (i8*, ...) @printf(i8* getelementptr inbounds ([6 x i8], [6 x i8]* @1, i32 0, i32 0), i8* getelementptr inbounds ([5 x i8], [5 x i8]* @3, i32 0, i32 0))
  br label %146

144:                                              ; preds = %141
  %145 = call i32 (i8*, ...) @printf(i8* getelementptr inbounds ([6 x i8], [6 x i8]* @1, i32 0, i32 0), i8* getelementptr inbounds ([5 x i8], [5 x i8]* @4, i32 0, i32 0))
  br label %146

146:                                              ; preds = %144, %142
  br i1 false, label %147, label %149

147:                                              ; preds = %146
  %148 = call i32 (i8*, ...) @printf(i8* getelementptr inbounds ([6 x i8], [6 x i8]* @1, i32 0, i32 0), i8* getelementptr inbounds ([5 x i8], [5 x i8]* @3, i32 0, i32 0))
  br label %151

149:                                              ; preds = %146
  %150 = call i32 (i8*, ...) @printf(i8* getelementptr inbounds ([6 x i8], [6 x i8]* @1, i32 0, i32 0), i8* getelementptr inbounds ([5 x i8], [5 x i8]* @4, i32 0, i32 0))
  br label %151

151:                                              ; preds = %149, %147
  br i1 true, label %152, label %154

152:                                              ; preds = %151
  %153 = call i32 (i8*, ...) @printf(i8* getelementptr inbounds ([6 x i8], [6 x i8]* @1, i32 0, i32 0), i8* getelementptr inbounds ([5 x i8], [5 x i8]* @3, i32 0, i32 0))
  br label %156

154:                                              ; preds = %151
  %155 = call i32 (i8*, ...) @printf(i8* getelementptr inbounds ([6 x i8], [6 x i8]* @1, i32 0, i32 0), i8* getelementptr inbounds ([5 x i8], [5 x i8]* @4, i32 0, i32 0))
  br label %156

156:                                              ; preds = %154, %152
  br i1 false, label %157, label %159

157:                                              ; preds = %156
  %158 = call i32 (i8*, ...) @printf(i8* getelementptr inbounds ([6 x i8], [6 x i8]* @1, i32 0, i32 0), i8* getelementptr inbounds ([5 x i8], [5 x i8]* @3, i32 0, i32 0))
  br label %161

159:                                              ; preds = %156
  %160 = call i32 (i8*, ...) @printf(i8* getelementptr inbounds ([6 x i8], [6 x i8]* @1, i32 0, i32 0), i8* getelementptr inbounds ([5 x i8], [5 x i8]* @4, i32 0, i32 0))
  br label %161

161:                                              ; preds = %159, %157
  br i1 true, label %162, label %164

162:                                              ; preds = %161
  %163 = call i32 (i8*, ...) @printf(i8* getelementptr inbounds ([6 x i8], [6 x i8]* @1, i32 0, i32 0), i8* getelementptr inbounds ([5 x i8], [5 x i8]* @3, i32 0, i32 0))
  br label %166

164:                                              ; preds = %161
  %165 = call i32 (i8*, ...) @printf(i8* getelementptr inbounds ([6 x i8], [6 x i8]* @1, i32 0, i32 0), i8* getelementptr inbounds ([5 x i8], [5 x i8]* @4, i32 0, i32 0))
  br label %166

166:                                              ; preds = %164, %162
  br i1 false, label %167, label %169

167:                                              ; preds = %166
  %168 = call i32 (i8*, ...) @printf(i8* getelementptr inbounds ([6 x i8], [6 x i8]* @1, i32 0, i32 0), i8* getelementptr inbounds ([5 x i8], [5 x i8]* @3, i32 0, i32 0))
  br label %171

169:                                              ; preds = %166
  %170 = call i32 (i8*, ...) @printf(i8* getelementptr inbounds ([6 x i8], [6 x i8]* @1, i32 0, i32 0), i8* getelementptr inbounds ([5 x i8], [5 x i8]* @4, i32 0, i32 0))
  br label %171

171:                                              ; preds = %169, %167
  %172 = call i32 (i8*, ...) @printf(i8* getelementptr inbounds ([6 x i8], [6 x i8]* @1, i32 0, i32 0), i8* getelementptr inbounds ([3 x i8], [3 x i8]* @7, i32 0, i32 0))
  br i1 true, label %173, label %175

173:                                              ; preds = %171
  %174 = call i32 (i8*, ...) @printf(i8* getelementptr inbounds ([6 x i8], [6 x i8]* @1, i32 0, i32 0), i8* getelementptr inbounds ([5 x i8], [5 x i8]* @3, i32 0, i32 0))
  br label %177

175:                                              ; preds = %171
  %176 = call i32 (i8*, ...) @printf(i8* getelementptr inbounds ([6 x i8], [6 x i8]* @1, i32 0, i32 0), i8* getelementptr inbounds ([5 x i8], [5 x i8]* @4, i32 0, i32 0))
  br label %177

177:                                              ; preds = %175, %173
  br i1 false, label %178, label %180

178:                                              ; preds = %177
  %179 = call i32 (i8*, ...) @printf(i8* getelementptr inbounds ([6 x i8], [6 x i8]* @1, i32 0, i32 0), i8* getelementptr inbounds ([5 x i8], [5 x i8]* @3, i32 0, i32 0))
  br label %182

180:                                              ; preds = %177
  %181 = call i32 (i8*, ...) @printf(i8* getelementptr inbounds ([6 x i8], [6 x i8]* @1, i32 0, i32 0), i8* getelementptr inbounds ([5 x i8], [5 x i8]* @4, i32 0, i32 0))
  br label %182

182:                                              ; preds = %180, %178
  br i1 true, label %183, label %185

183:                                              ; preds = %182
  %184 = call i32 (i8*, ...) @printf(i8* getelementptr inbounds ([6 x i8], [6 x i8]* @1, i32 0, i32 0), i8* getelementptr inbounds ([5 x i8], [5 x i8]* @3, i32 0, i32 0))
  br label %187

185:                                              ; preds = %182
  %186 = call i32 (i8*, ...) @printf(i8* getelementptr inbounds ([6 x i8], [6 x i8]* @1, i32 0, i32 0), i8* getelementptr inbounds ([5 x i8], [5 x i8]* @4, i32 0, i32 0))
  br label %187

187:                                              ; preds = %185, %183
  br i1 false, label %188, label %190

188:                                              ; preds = %187
  %189 = call i32 (i8*, ...) @printf(i8* getelementptr inbounds ([6 x i8], [6 x i8]* @1, i32 0, i32 0), i8* getelementptr inbounds ([5 x i8], [5 x i8]* @3, i32 0, i32 0))
  br label %192

190:                                              ; preds = %187
  %191 = call i32 (i8*, ...) @printf(i8* getelementptr inbounds ([6 x i8], [6 x i8]* @1, i32 0, i32 0), i8* getelementptr inbounds ([5 x i8], [5 x i8]* @4, i32 0, i32 0))
  br label %192

192:                                              ; preds = %190, %188
  br i1 true, label %193, label %195

193:                                              ; preds = %192
  %194 = call i32 (i8*, ...) @printf(i8* getelementptr inbounds ([6 x i8], [6 x i8]* @1, i32 0, i32 0), i8* getelementptr inbounds ([5 x i8], [5 x i8]* @3, i32 0, i32 0))
  br label %197

195:                                              ; preds = %192
  %196 = call i32 (i8*, ...) @printf(i8* getelementptr inbounds ([6 x i8], [6 x i8]* @1, i32 0, i32 0), i8* getelementptr inbounds ([5 x i8], [5 x i8]* @4, i32 0, i32 0))
  br label %197

197:                                              ; preds = %195, %193
  br i1 false, label %198, label %200

198:                                              ; preds = %197
  %199 = call i32 (i8*, ...) @printf(i8* getelementptr inbounds ([6 x i8], [6 x i8]* @1, i32 0, i32 0), i8* getelementptr inbounds ([5 x i8], [5 x i8]* @3, i32 0, i32 0))
  br label %202

200:                                              ; preds = %197
  %201 = call i32 (i8*, ...) @printf(i8* getelementptr inbounds ([6 x i8], [6 x i8]* @1, i32 0, i32 0), i8* getelementptr inbounds ([5 x i8], [5 x i8]* @4, i32 0, i32 0))
  br label %202

202:                                              ; preds = %200, %198
  br i1 true, label %203, label %205

203:                                              ; preds = %202
  %204 = call i32 (i8*, ...) @printf(i8* getelementptr inbounds ([6 x i8], [6 x i8]* @1, i32 0, i32 0), i8* getelementptr inbounds ([5 x i8], [5 x i8]* @3, i32 0, i32 0))
  br label %207

205:                                              ; preds = %202
  %206 = call i32 (i8*, ...) @printf(i8* getelementptr inbounds ([6 x i8], [6 x i8]* @1, i32 0, i32 0), i8* getelementptr inbounds ([5 x i8], [5 x i8]* @4, i32 0, i32 0))
  br label %207

207:                                              ; preds = %205, %203
  br i1 false, label %208, label %210

208:                                              ; preds = %207
  %209 = call i32 (i8*, ...) @printf(i8* getelementptr inbounds ([6 x i8], [6 x i8]* @1, i32 0, i32 0), i8* getelementptr inbounds ([5 x i8], [5 x i8]* @3, i32 0, i32 0))
  br label %212

210:                                              ; preds = %207
  %211 = call i32 (i8*, ...) @printf(i8* getelementptr inbounds ([6 x i8], [6 x i8]* @1, i32 0, i32 0), i8* getelementptr inbounds ([5 x i8], [5 x i8]* @4, i32 0, i32 0))
  br label %212

212:                                              ; preds = %210, %208
  %213 = call i32 (i8*, ...) @printf(i8* getelementptr inbounds ([6 x i8], [6 x i8]* @1, i32 0, i32 0), i8* getelementptr inbounds ([4 x i8], [4 x i8]* @8, i32 0, i32 0))
  br i1 true, label %214, label %217

214:                                              ; preds = %212
  br i1 true, label %215, label %217

215:                                              ; preds = %214
  %216 = call i32 (i8*, ...) @printf(i8* getelementptr inbounds ([6 x i8], [6 x i8]* @1, i32 0, i32 0), i8* getelementptr inbounds ([5 x i8], [5 x i8]* @3, i32 0, i32 0))
  br label %219

217:                                              ; preds = %214, %212
  %218 = call i32 (i8*, ...) @printf(i8* getelementptr inbounds ([6 x i8], [6 x i8]* @1, i32 0, i32 0), i8* getelementptr inbounds ([5 x i8], [5 x i8]* @4, i32 0, i32 0))
  br label %219

219:                                              ; preds = %217, %215
  br i1 true, label %220, label %223

220:                                              ; preds = %219
  br i1 false, label %221, label %223

221:                                              ; preds = %220
  %222 = call i32 (i8*, ...) @printf(i8* getelementptr inbounds ([6 x i8], [6 x i8]* @1, i32 0, i32 0), i8* getelementptr inbounds ([5 x i8], [5 x i8]* @3, i32 0, i32 0))
  br label %225

223:                                              ; preds = %220, %219
  %224 = call i32 (i8*, ...) @printf(i8* getelementptr inbounds ([6 x i8], [6 x i8]* @1, i32 0, i32 0), i8* getelementptr inbounds ([5 x i8], [5 x i8]* @4, i32 0, i32 0))
  br label %225

225:                                              ; preds = %223, %221
  br i1 false, label %226, label %229

226:                                              ; preds = %225
  br i1 false, label %227, label %229

227:                                              ; preds = %226
  %228 = call i32 (i8*, ...) @printf(i8* getelementptr inbounds ([6 x i8], [6 x i8]* @1, i32 0, i32 0), i8* getelementptr inbounds ([5 x i8], [5 x i8]* @3, i32 0, i32 0))
  br label %231

229:                                              ; preds = %226, %225
  %230 = call i32 (i8*, ...) @printf(i8* getelementptr inbounds ([6 x i8], [6 x i8]* @1, i32 0, i32 0), i8* getelementptr inbounds ([5 x i8], [5 x i8]* @4, i32 0, i32 0))
  br label %231

231:                                              ; preds = %229, %227
  br i1 false, label %232, label %235

232:                                              ; preds = %231
  br i1 true, label %233, label %235

233:                                              ; preds = %232
  %234 = call i32 (i8*, ...) @printf(i8* getelementptr inbounds ([6 x i8], [6 x i8]* @1, i32 0, i32 0), i8* getelementptr inbounds ([5 x i8], [5 x i8]* @3, i32 0, i32 0))
  br label %237

235:                                              ; preds = %232, %231
  %236 = call i32 (i8*, ...) @printf(i8* getelementptr inbounds ([6 x i8], [6 x i8]* @1, i32 0, i32 0), i8* getelementptr inbounds ([5 x i8], [5 x i8]* @4, i32 0, i32 0))
  br label %237

237:                                              ; preds = %235, %233
  br i1 true, label %238, label %242

238:                                              ; preds = %237
  br i1 true, label %239, label %242

239:                                              ; preds = %238
  br i1 false, label %240, label %242

240:                                              ; preds = %239
  %241 = call i32 (i8*, ...) @printf(i8* getelementptr inbounds ([6 x i8], [6 x i8]* @1, i32 0, i32 0), i8* getelementptr inbounds ([5 x i8], [5 x i8]* @3, i32 0, i32 0))
  br label %244

242:                                              ; preds = %239, %238, %237
  %243 = call i32 (i8*, ...) @printf(i8* getelementptr inbounds ([6 x i8], [6 x i8]* @1, i32 0, i32 0), i8* getelementptr inbounds ([5 x i8], [5 x i8]* @4, i32 0, i32 0))
  br label %244

244:                                              ; preds = %242, %240
  br i1 true, label %245, label %249

245:                                              ; preds = %244
  br i1 false, label %246, label %249

246:                                              ; preds = %245
  br i1 true, label %247, label %249

247:                                              ; preds = %246
  %248 = call i32 (i8*, ...) @printf(i8* getelementptr inbounds ([6 x i8], [6 x i8]* @1, i32 0, i32 0), i8* getelementptr inbounds ([5 x i8], [5 x i8]* @3, i32 0, i32 0))
  br label %251

249:                                              ; preds = %246, %245, %244
  %250 = call i32 (i8*, ...) @printf(i8* getelementptr inbounds ([6 x i8], [6 x i8]* @1, i32 0, i32 0), i8* getelementptr inbounds ([5 x i8], [5 x i8]* @4, i32 0, i32 0))
  br label %251

251:                                              ; preds = %249, %247
  br i1 false, label %252, label %256

252:                                              ; preds = %251
  br i1 true, label %253, label %256

253:                                              ; preds = %252
  br i1 true, label %254, label %256

254:                                              ; preds = %253
  %255 = call i32 (i8*, ...) @printf(i8* getelementptr inbounds ([6 x i8], [6 x i8]* @1, i32 0, i32 0), i8* getelementptr inbounds ([5 x i8], [5 x i8]* @3, i32 0, i32 0))
  br label %258

256:                                              ; preds = %253, %252, %251
  %257 = call i32 (i8*, ...) @printf(i8* getelementptr inbounds ([6 x i8], [6 x i8]* @1, i32 0, i32 0), i8* getelementptr inbounds ([5 x i8], [5 x i8]* @4, i32 0, i32 0))
  br label %258

258:                                              ; preds = %256, %254
  br i1 true, label %259, label %263

259:                                              ; preds = %258
  br i1 true, label %260, label %263

260:                                              ; preds = %259
  br i1 true, label %261, label %263

261:                                              ; preds = %260
  %262 = call i32 (i8*, ...) @printf(i8* getelementptr inbounds ([6 x i8], [6 x i8]* @1, i32 0, i32 0), i8* getelementptr inbounds ([5 x i8], [5 x i8]* @3, i32 0, i32 0))
  br label %265

263:                                              ; preds = %260, %259, %258
  %264 = call i32 (i8*, ...) @printf(i8* getelementptr inbounds ([6 x i8], [6 x i8]* @1, i32 0, i32 0), i8* getelementptr inbounds ([5 x i8], [5 x i8]* @4, i32 0, i32 0))
  br label %265

265:                                              ; preds = %263, %261
  %266 = call i32 (i8*, ...) @printf(i8* getelementptr inbounds ([6 x i8], [6 x i8]* @1, i32 0, i32 0), i8* getelementptr inbounds ([3 x i8], [3 x i8]* @9, i32 0, i32 0))
  br i1 true, label %268, label %267

267:                                              ; preds = %265
  br i1 true, label %268, label %270

268:                                              ; preds = %267, %265
  %269 = call i32 (i8*, ...) @printf(i8* getelementptr inbounds ([6 x i8], [6 x i8]* @1, i32 0, i32 0), i8* getelementptr inbounds ([5 x i8], [5 x i8]* @3, i32 0, i32 0))
  br label %272

270:                                              ; preds = %267
  %271 = call i32 (i8*, ...) @printf(i8* getelementptr inbounds ([6 x i8], [6 x i8]* @1, i32 0, i32 0), i8* getelementptr inbounds ([5 x i8], [5 x i8]* @4, i32 0, i32 0))
  br label %272

272:                                              ; preds = %270, %268
  br i1 true, label %274, label %273

273:                                              ; preds = %272
  br i1 false, label %274, label %276

274:                                              ; preds = %273, %272
  %275 = call i32 (i8*, ...) @printf(i8* getelementptr inbounds ([6 x i8], [6 x i8]* @1, i32 0, i32 0), i8* getelementptr inbounds ([5 x i8], [5 x i8]* @3, i32 0, i32 0))
  br label %278

276:                                              ; preds = %273
  %277 = call i32 (i8*, ...) @printf(i8* getelementptr inbounds ([6 x i8], [6 x i8]* @1, i32 0, i32 0), i8* getelementptr inbounds ([5 x i8], [5 x i8]* @4, i32 0, i32 0))
  br label %278

278:                                              ; preds = %276, %274
  br i1 false, label %280, label %279

279:                                              ; preds = %278
  br i1 false, label %280, label %282

280:                                              ; preds = %279, %278
  %281 = call i32 (i8*, ...) @printf(i8* getelementptr inbounds ([6 x i8], [6 x i8]* @1, i32 0, i32 0), i8* getelementptr inbounds ([5 x i8], [5 x i8]* @3, i32 0, i32 0))
  br label %284

282:                                              ; preds = %279
  %283 = call i32 (i8*, ...) @printf(i8* getelementptr inbounds ([6 x i8], [6 x i8]* @1, i32 0, i32 0), i8* getelementptr inbounds ([5 x i8], [5 x i8]* @4, i32 0, i32 0))
  br label %284

284:                                              ; preds = %282, %280
  br i1 false, label %286, label %285

285:                                              ; preds = %284
  br i1 true, label %286, label %288

286:                                              ; preds = %285, %284
  %287 = call i32 (i8*, ...) @printf(i8* getelementptr inbounds ([6 x i8], [6 x i8]* @1, i32 0, i32 0), i8* getelementptr inbounds ([5 x i8], [5 x i8]* @3, i32 0, i32 0))
  br label %290

288:                                              ; preds = %285
  %289 = call i32 (i8*, ...) @printf(i8* getelementptr inbounds ([6 x i8], [6 x i8]* @1, i32 0, i32 0), i8* getelementptr inbounds ([5 x i8], [5 x i8]* @4, i32 0, i32 0))
  br label %290

290:                                              ; preds = %288, %286
  br i1 false, label %293, label %292

291:                                              ; preds = %292
  br i1 true, label %293, label %295

292:                                              ; preds = %290
  br i1 false, label %293, label %291

293:                                              ; preds = %291, %292, %290
  %294 = call i32 (i8*, ...) @printf(i8* getelementptr inbounds ([6 x i8], [6 x i8]* @1, i32 0, i32 0), i8* getelementptr inbounds ([5 x i8], [5 x i8]* @3, i32 0, i32 0))
  br label %297

295:                                              ; preds = %291
  %296 = call i32 (i8*, ...) @printf(i8* getelementptr inbounds ([6 x i8], [6 x i8]* @1, i32 0, i32 0), i8* getelementptr inbounds ([5 x i8], [5 x i8]* @4, i32 0, i32 0))
  br label %297

297:                                              ; preds = %295, %293
  br i1 false, label %300, label %299

298:                                              ; preds = %299
  br i1 false, label %300, label %302

299:                                              ; preds = %297
  br i1 true, label %300, label %298

300:                                              ; preds = %298, %299, %297
  %301 = call i32 (i8*, ...) @printf(i8* getelementptr inbounds ([6 x i8], [6 x i8]* @1, i32 0, i32 0), i8* getelementptr inbounds ([5 x i8], [5 x i8]* @3, i32 0, i32 0))
  br label %304

302:                                              ; preds = %298
  %303 = call i32 (i8*, ...) @printf(i8* getelementptr inbounds ([6 x i8], [6 x i8]* @1, i32 0, i32 0), i8* getelementptr inbounds ([5 x i8], [5 x i8]* @4, i32 0, i32 0))
  br label %304

304:                                              ; preds = %302, %300
  br i1 true, label %307, label %306

305:                                              ; preds = %306
  br i1 false, label %307, label %309

306:                                              ; preds = %304
  br i1 false, label %307, label %305

307:                                              ; preds = %305, %306, %304
  %308 = call i32 (i8*, ...) @printf(i8* getelementptr inbounds ([6 x i8], [6 x i8]* @1, i32 0, i32 0), i8* getelementptr inbounds ([5 x i8], [5 x i8]* @3, i32 0, i32 0))
  br label %311

309:                                              ; preds = %305
  %310 = call i32 (i8*, ...) @printf(i8* getelementptr inbounds ([6 x i8], [6 x i8]* @1, i32 0, i32 0), i8* getelementptr inbounds ([5 x i8], [5 x i8]* @4, i32 0, i32 0))
  br label %311

311:                                              ; preds = %309, %307
  br i1 false, label %314, label %313

312:                                              ; preds = %313
  br i1 false, label %314, label %316

313:                                              ; preds = %311
  br i1 false, label %314, label %312

314:                                              ; preds = %312, %313, %311
  %315 = call i32 (i8*, ...) @printf(i8* getelementptr inbounds ([6 x i8], [6 x i8]* @1, i32 0, i32 0), i8* getelementptr inbounds ([5 x i8], [5 x i8]* @3, i32 0, i32 0))
  br label %318

316:                                              ; preds = %312
  %317 = call i32 (i8*, ...) @printf(i8* getelementptr inbounds ([6 x i8], [6 x i8]* @1, i32 0, i32 0), i8* getelementptr inbounds ([5 x i8], [5 x i8]* @4, i32 0, i32 0))
  br label %318

318:                                              ; preds = %316, %314
  %319 = call i32 (i8*, ...) @printf(i8* getelementptr inbounds ([6 x i8], [6 x i8]* @1, i32 0, i32 0), i8* getelementptr inbounds ([4 x i8], [4 x i8]* @10, i32 0, i32 0))
  br i1 true, label %322, label %320

320:                                              ; preds = %318
  %321 = call i32 (i8*, ...) @printf(i8* getelementptr inbounds ([6 x i8], [6 x i8]* @1, i32 0, i32 0), i8* getelementptr inbounds ([5 x i8], [5 x i8]* @3, i32 0, i32 0))
  br label %324

322:                                              ; preds = %318
  %323 = call i32 (i8*, ...) @printf(i8* getelementptr inbounds ([6 x i8], [6 x i8]* @1, i32 0, i32 0), i8* getelementptr inbounds ([5 x i8], [5 x i8]* @4, i32 0, i32 0))
  br label %324

324:                                              ; preds = %322, %320
  br i1 false, label %327, label %325

325:                                              ; preds = %324
  %326 = call i32 (i8*, ...) @printf(i8* getelementptr inbounds ([6 x i8], [6 x i8]* @1, i32 0, i32 0), i8* getelementptr inbounds ([5 x i8], [5 x i8]* @3, i32 0, i32 0))
  br label %329

327:                                              ; preds = %324
  %328 = call i32 (i8*, ...) @printf(i8* getelementptr inbounds ([6 x i8], [6 x i8]* @1, i32 0, i32 0), i8* getelementptr inbounds ([5 x i8], [5 x i8]* @4, i32 0, i32 0))
  br label %329

329:                                              ; preds = %327, %325
  ret i64 0
}

RETURN 0

OUTPUT
"Ok"
"Ok"
"Gt e Ge"
"Then"
"Else"
"Then"
"Else"
"Then"
"Else"
"Then"
"Else"
"Then"
"Else"
"Then"
"Else"
"Lt e Le"
"Then"
"Else"
"Then"
"Else"
"Then"
"Else"
"Then"
"Else"
"Then"
"Else"
"Then"
"Else"
"Eq"
"Then"
"Else"
"Then"
"Else"
"Then"
"Else"
"Then"
"Else"
"Ne"
"Then"
"Else"
"Then"
"Else"
"Then"
"Else"
"Then"
"Else"
"And"
"Then"
"Else"
"Else"
"Else"
"Else"
"Else"
"Else"
"Then"
"Or"
"Then"
"Then"
"Else"
"Then"
"Then"
"Then"
"Then"
"Else"
"Not"
"Else"
"Then"
