BUILDING FILE inputs/test2.in
; ModuleID = 'program'
source_filename = "program"

@0 = private unnamed_addr constant [14 x i8] c"Hello, World!\00", align 1
@1 = private unnamed_addr constant [6 x i8] c"\22%s\22\0A\00", align 1

declare i32 @printf(i8*, ...)

declare i8* @malloc(i64)

define i64 @main() {
entry:
  %0 = call i32 (i8*, ...) @printf(i8* getelementptr inbounds ([6 x i8], [6 x i8]* @1, i32 0, i32 0), i8* getelementptr inbounds ([14 x i8], [14 x i8]* @0, i32 0, i32 0))
  ret i64 0
}

MONGA IO OUTPUT
DONE inputs/test2.in

"Hello, World!"
