StringLiteral(Hello, world!)
StringLiteral()
StringLiteral(")
StringLiteral(	)
StringLiteral(
)
StringLiteral("	
\)
IntNumeral(0)
IntNumeral(1)
IntNumeral(10)
IntNumeral(111)
IntNumeral(123)
IntNumeral(4)
IntNumeral(5)
IntNumeral(6)
IntNumeral(7)
IntNumeral(255)
IntNumeral(0)
FloatNumeral(1.23123e+12)
FloatNumeral(0.)
FloatNumeral(0.)
FloatNumeral(0.1)
FloatNumeral(0.1)
FloatNumeral(0.1)
FloatNumeral(1.)
FloatNumeral(0.)
FloatNumeral(0.0625)
FloatNumeral(0.0625)
FloatNumeral(0.5)
FloatNumeral(2.)
If
Then
Else
Return
While
Int
Char
Float
Void
New
As
Id(bananas)
Id(bananas2)
Id(whilebananas)
Id(while1)
@
;
:
,
=
[
]
(
)
{
}
+
-
+
-
=
+
==
==
=
~=
=
+
-
*
=
=
*
-
<
<=
=
>
>=
&&
||
!
EOF
